
/home/runner/work/exp-rnn-dei/exp-rnn-dei/experiment/simulation/interactive/js/data.js
    4:7    warning  'EXPERIMENT_DATA' is assigned a value but never used     no-unused-vars
  567:7    warning  'HIDDEN_STATES_DATA' is assigned a value but never used  no-unused-vars
  569:466  warning  This number literal will lose precision at runtime       no-loss-of-precision
  594:210  warning  This number literal will lose precision at runtime       no-loss-of-precision
  595:661  warning  This number literal will lose precision at runtime       no-loss-of-precision

/home/runner/work/exp-rnn-dei/exp-rnn-dei/experiment/simulation/interactive/js/rnn-animation.js
  57:55  warning  'state' is not defined               no-undef
  58:51  warning  'state' is not defined               no-undef
  59:58  warning  'state' is not defined               no-undef
  64:15  warning  'HIDDEN_STATES_DATA' is not defined  no-undef

/home/runner/work/exp-rnn-dei/exp-rnn-dei/experiment/simulation/interactive/js/sim1-time-unrolling.js
  27:9   warning  'animFrame' is assigned a value but never used     no-unused-vars
  53:9   warning  'hiddenStates' is assigned a value but never used  no-unused-vars
  80:15  warning  'totalW' is assigned a value but never used        no-unused-vars

/home/runner/work/exp-rnn-dei/exp-rnn-dei/experiment/simulation/interactive/js/sim2-hidden-state.js
  39:21  warning  'Chart' is not defined  no-undef

/home/runner/work/exp-rnn-dei/exp-rnn-dei/experiment/simulation/interactive/js/sim3-sequence-learning.js
  108:35  warning  '_seq' is defined but never used  no-unused-vars
  129:35  warning  '_seq' is defined but never used  no-unused-vars
  149:25  warning  'Chart' is not defined            no-undef

/home/runner/work/exp-rnn-dei/exp-rnn-dei/experiment/simulation/js/data.js
    4:7    warning  'EXPERIMENT_DATA' is assigned a value but never used     no-unused-vars
  567:7    warning  'HIDDEN_STATES_DATA' is assigned a value but never used  no-unused-vars
  569:466  warning  This number literal will lose precision at runtime       no-loss-of-precision
  594:210  warning  This number literal will lose precision at runtime       no-loss-of-precision
  595:661  warning  This number literal will lose precision at runtime       no-loss-of-precision

/home/runner/work/exp-rnn-dei/exp-rnn-dei/experiment/simulation/js/main.js
   70:12  warning  'EXPERIMENT_DATA' is not defined               no-undef
  334:11  warning  'oldValue' is assigned a value but never used  no-unused-vars
  345:11  warning  'oldValue' is assigned a value but never used  no-unused-vars
  356:11  warning  'oldValue' is assigned a value but never used  no-unused-vars
  438:9   warning  'RNNAnimation' is not defined                  no-undef
  452:9   warning  'RNNAnimation' is not defined                  no-undef
  474:34  warning  'Chart' is not defined                         no-undef
  572:24  warning  'HIDDEN_STATES_DATA' is not defined            no-undef
  603:41  warning  'Chart' is not defined                         no-undef
  790:58  warning  'EXPERIMENT_DATA' is not defined               no-undef

/home/runner/work/exp-rnn-dei/exp-rnn-dei/experiment/simulation/js/rnn-animation.js
  57:55  warning  'state' is not defined               no-undef
  58:51  warning  'state' is not defined               no-undef
  59:58  warning  'state' is not defined               no-undef
  64:15  warning  'HIDDEN_STATES_DATA' is not defined  no-undef

/home/runner/work/exp-rnn-dei/exp-rnn-dei/experiment/simulation/notebook/js/data.js
    4:7    warning  'EXPERIMENT_DATA' is assigned a value but never used     no-unused-vars
  567:7    warning  'HIDDEN_STATES_DATA' is assigned a value but never used  no-unused-vars
  569:466  warning  This number literal will lose precision at runtime       no-loss-of-precision
  594:210  warning  This number literal will lose precision at runtime       no-loss-of-precision
  595:661  warning  This number literal will lose precision at runtime       no-loss-of-precision

/home/runner/work/exp-rnn-dei/exp-rnn-dei/experiment/simulation/notebook/js/main.js
   70:12  warning  'EXPERIMENT_DATA' is not defined               no-undef
  329:11  warning  'oldValue' is assigned a value but never used  no-unused-vars
  340:11  warning  'oldValue' is assigned a value but never used  no-unused-vars
  351:11  warning  'oldValue' is assigned a value but never used  no-unused-vars
  471:34  warning  'Chart' is not defined                         no-undef
  695:58  warning  'EXPERIMENT_DATA' is not defined               no-undef

/home/runner/work/exp-rnn-dei/exp-rnn-dei/experiment/simulation/notebook/js/rnn-animation.js
  57:55  warning  'state' is not defined               no-undef
  58:51  warning  'state' is not defined               no-undef
  59:58  warning  'state' is not defined               no-undef
  64:15  warning  'HIDDEN_STATES_DATA' is not defined  no-undef

✖ 50 problems (0 errors, 50 warnings)

